TalagrandConjecture57.lean:328:0: warning: automatically included section variable(s) unused in theorem `TalagrandSelector.clipped_zero`:
  [Fintype X]
  [DecidableEq X]
consider restructuring your `variable` declarations so that the variables are not in scope or explicitly omit them:
  omit [Fintype X] [DecidableEq X] in theorem ...

Note: This linter can be disabled with `set_option linter.unusedSectionVars false`
TalagrandConjecture57.lean:369:0: warning: automatically included section variable(s) unused in theorem `TalagrandSelector.clipped_step`:
  [Fintype X]
  [DecidableEq X]
consider restructuring your `variable` declarations so that the variables are not in scope or explicitly omit them:
  omit [Fintype X] [DecidableEq X] in theorem ...

Note: This linter can be disabled with `set_option linter.unusedSectionVars false`
TalagrandConjecture57.lean:382:2: warning: Used `tac1 <;> tac2` where `(tac1; tac2)` would suffice

Note: This linter can be disabled with `set_option linter.unnecessarySeqFocus false`
TalagrandConjecture57.lean:434:0: warning: automatically included section variable(s) unused in theorem `TalagrandSelector.clipped_exchange`:
  [Fintype X]
consider restructuring your `variable` declarations so that the variables are not in scope or explicitly omit them:
  omit [Fintype X] in theorem ...

Note: This linter can be disabled with `set_option linter.unusedSectionVars false`
TalagrandConjecture57.lean:478:0: warning: automatically included section variable(s) unused in theorem `TalagrandSelector.heavy_antitone_threshold`:
  [DecidableEq X]
consider restructuring your `variable` declarations so that the variables are not in scope or explicitly omit them:
  omit [DecidableEq X] in theorem ...

Note: This linter can be disabled with `set_option linter.unusedSectionVars false`
TalagrandConjecture57.lean:652:0: warning: automatically included section variable(s) unused in theorem `TalagrandSelector.average_congr`:
  [DecidableEq X]
consider restructuring your `variable` declarations so that the variables are not in scope or explicitly omit them:
  omit [DecidableEq X] in theorem ...

Note: This linter can be disabled with `set_option linter.unusedSectionVars false`
TalagrandConjecture57.lean:658:0: warning: automatically included section variable(s) unused in theorem `TalagrandSelector.average_add`:
  [DecidableEq X]
consider restructuring your `variable` declarations so that the variables are not in scope or explicitly omit them:
  omit [DecidableEq X] in theorem ...

Note: This linter can be disabled with `set_option linter.unusedSectionVars false`
TalagrandConjecture57.lean:662:0: warning: automatically included section variable(s) unused in theorem `TalagrandSelector.average_mul`:
  [DecidableEq X]
consider restructuring your `variable` declarations so that the variables are not in scope or explicitly omit them:
  omit [DecidableEq X] in theorem ...

Note: This linter can be disabled with `set_option linter.unusedSectionVars false`
TalagrandConjecture57.lean:695:8: warning: automatically included section variable(s) unused in theorem `TalagrandSelector.average_empty`:
  [DecidableEq X]
consider restructuring your `variable` declarations so that the variables are not in scope or explicitly omit them:
  omit [DecidableEq X] in theorem ...

Note: This linter can be disabled with `set_option linter.unusedSectionVars false`
TalagrandConjecture57.lean:704:0: warning: automatically included section variable(s) unused in theorem `TalagrandSelector.average_mono`:
  [DecidableEq X]
consider restructuring your `variable` declarations so that the variables are not in scope or explicitly omit them:
  omit [DecidableEq X] in theorem ...

Note: This linter can be disabled with `set_option linter.unusedSectionVars false`
TalagrandConjecture57.lean:799:0: warning: automatically included section variable(s) unused in theorem `TalagrandSelector.average_univ`:
  [DecidableEq X]
consider restructuring your `variable` declarations so that the variables are not in scope or explicitly omit them:
  omit [DecidableEq X] in theorem ...

Note: This linter can be disabled with `set_option linter.unusedSectionVars false`
TalagrandConjecture57.lean:938:8: warning: 'change (e.1 ∪ e.2.2) \ e.2.2 = (e'.1 ∪ e'.2.2) \ e'.2.2' tactic does nothing

Note: This linter can be disabled with `set_option linter.unusedTactic false`
TalagrandConjecture57.lean:1217:44: warning: Used `tac1 <;> tac2` where `(tac1; tac2)` would suffice

Note: This linter can be disabled with `set_option linter.unnecessarySeqFocus false`
TalagrandConjecture57.lean:1291:12: warning: Used `tac1 <;> tac2` where `(tac1; tac2)` would suffice

Note: This linter can be disabled with `set_option linter.unnecessarySeqFocus false`
TalagrandConjecture57.lean:1333:0: warning: automatically included section variable(s) unused in theorem `TalagrandSelector.nonempty_of_positive_extended`:
  [DecidableEq X]
consider restructuring your `variable` declarations so that the variables are not in scope or explicitly omit them:
  omit [DecidableEq X] in theorem ...

Note: This linter can be disabled with `set_option linter.unusedSectionVars false`
TalagrandConjecture57.lean:1339:0: warning: automatically included section variable(s) unused in theorem `TalagrandSelector.bounded_of_finite_expectation`:
  [DecidableEq X]
consider restructuring your `variable` declarations so that the variables are not in scope or explicitly omit them:
  omit [DecidableEq X] in theorem ...

Note: This linter can be disabled with `set_option linter.unusedSectionVars false`
TalagrandConjecture57.lean:1364:0: warning: automatically included section variable(s) unused in theorem `TalagrandSelector.extendedValue_eq_ofReal`:
  [DecidableEq X]
consider restructuring your `variable` declarations so that the variables are not in scope or explicitly omit them:
  omit [DecidableEq X] in theorem ...

Note: This linter can be disabled with `set_option linter.unusedSectionVars false`
'TalagrandSelector.normalized_selector_bound' depends on axioms: [propext, Classical.choice, Quot.sound]
'TalagrandSelector.conjecture_5_7_finite_expectation' depends on axioms: [propext, Classical.choice, Quot.sound]
